// Jest Snapshot v1, https://goo.gl/fbAQLP

exports[`Tests on <ImagesGrid /> Should be correctly render  1`] = `
<Fragment>
  <Loading />
</Fragment>
`;
