// Jest Snapshot v1, https://goo.gl/fbAQLP

exports[`Test on <NavBar /> Should be correctly render 1`] = `
<header>
  <h2>
    Sky Test
  </h2>
</header>
`;
